<a href="https://example.com/{{ var }}?foo=bar">Test</a>
